  CommandSelectScene.cpp
C:\Users\fko2447025\Documents\GitHub\ColorfulFighter6\ColorfulFighter2\CommandSelectScene.h(2,10): warning C4067: プリプロセッサ ディレクティブの後に余分な文字がありました - 改行が必要です
  (ソース ファイル 'CommandSelectScene.cpp' をコンパイルしています)
  
C:\Users\fko2447025\Documents\GitHub\ColorfulFighter6\ColorfulFighter2\CommandSelectScene.cpp(49,43): warning C4244: '初期化中': 'float' から 'const int' への変換です。データが失われる可能性があります。
  GameScene.cpp
C:\Users\fko2447025\Documents\GitHub\ColorfulFighter6\ColorfulFighter2\CommandSelectScene.h(2,10): warning C4067: プリプロセッサ ディレクティブの後に余分な文字がありました - 改行が必要です
  (ソース ファイル 'GameScene.cpp' をコンパイルしています)
  
C:\Users\fko2447025\Documents\GitHub\ColorfulFighter6\ColorfulFighter2\Player.h(67,54): warning C4244: '=': 'int' から 'float' への変換です。データが失われる可能性があります。
  (ソース ファイル 'GameScene.cpp' をコンパイルしています)
  
C:\Users\fko2447025\Documents\GitHub\ColorfulFighter6\ColorfulFighter2\GameScene.cpp(90,18): warning C4244: '引数': 'float' から 'int' への変換です。データが失われる可能性があります。
C:\Users\fko2447025\Documents\GitHub\ColorfulFighter6\ColorfulFighter2\GameScene.cpp(89,34): warning C4244: '引数': 'float' から 'int' への変換です。データが失われる可能性があります。
C:\Users\fko2447025\Documents\GitHub\ColorfulFighter6\ColorfulFighter2\GameScene.cpp(93,19): warning C4244: '引数': 'float' から 'int' への変換です。データが失われる可能性があります。
C:\Users\fko2447025\Documents\GitHub\ColorfulFighter6\ColorfulFighter2\GameScene.cpp(92,35): warning C4244: '引数': 'float' から 'int' への変換です。データが失われる可能性があります。
C:\Users\fko2447025\Documents\GitHub\ColorfulFighter6\ColorfulFighter2\GameScene.cpp(99,18): warning C4244: '引数': 'float' から 'int' への変換です。データが失われる可能性があります。
C:\Users\fko2447025\Documents\GitHub\ColorfulFighter6\ColorfulFighter2\GameScene.cpp(98,34): warning C4244: '引数': 'float' から 'int' への変換です。データが失われる可能性があります。
C:\Users\fko2447025\Documents\GitHub\ColorfulFighter6\ColorfulFighter2\GameScene.cpp(102,19): warning C4244: '引数': 'float' から 'int' への変換です。データが失われる可能性があります。
C:\Users\fko2447025\Documents\GitHub\ColorfulFighter6\ColorfulFighter2\GameScene.cpp(101,35): warning C4244: '引数': 'float' から 'int' への変換です。データが失われる可能性があります。
  ResultScene.cpp
C:\Users\fko2447025\Documents\GitHub\ColorfulFighter6\ColorfulFighter2\CommandSelectScene.h(2,10): warning C4067: プリプロセッサ ディレクティブの後に余分な文字がありました - 改行が必要です
  (ソース ファイル 'ResultScene.cpp' をコンパイルしています)
  
  TitleScene.cpp
C:\Users\fko2447025\Documents\GitHub\ColorfulFighter6\ColorfulFighter2\CommandSelectScene.h(2,10): warning C4067: プリプロセッサ ディレクティブの後に余分な文字がありました - 改行が必要です
  (ソース ファイル 'TitleScene.cpp' をコンパイルしています)
  
C:\Users\fko2447025\Documents\GitHub\ColorfulFighter6\ColorfulFighter2\TitleScene.cpp(28,28): warning C4244: '初期化中': 'float' から 'const int' への変換です。データが失われる可能性があります。
C:\Users\fko2447025\Documents\GitHub\ColorfulFighter6\ColorfulFighter2\TitleScene.cpp(30,28): warning C4244: '初期化中': 'float' から 'const int' への変換です。データが失われる可能性があります。
C:\Users\fko2447025\Documents\GitHub\ColorfulFighter6\ColorfulFighter2\TitleScene.cpp(311,50): warning C4244: '引数': 'float' から 'int' への変換です。データが失われる可能性があります。
C:\Users\fko2447025\Documents\GitHub\ColorfulFighter6\ColorfulFighter2\TitleScene.cpp(311,35): warning C4244: '引数': 'float' から 'int' への変換です。データが失われる可能性があります。
C:\Users\fko2447025\Documents\GitHub\ColorfulFighter6\ColorfulFighter2\TitleScene.cpp(320,50): warning C4244: '引数': 'float' から 'int' への変換です。データが失われる可能性があります。
C:\Users\fko2447025\Documents\GitHub\ColorfulFighter6\ColorfulFighter2\TitleScene.cpp(320,35): warning C4244: '引数': 'float' から 'int' への変換です。データが失われる可能性があります。
  コードを生成中...
  ColorfulFighter2.vcxproj -> C:\Users\fko2447025\Documents\GitHub\ColorfulFighter6\x64\Debug\ColorfulFighter2.exe
